<?xml version="1.0" encoding="UTF-8"?>
<TestRun id="b3503af0-cb33-4642-a2d3-14c9224a6a07" name="Toan@JUBEI-LAPTOP 2012-10-16 03:11:34" runUser="JUBEI-LAPTOP\Toan" xmlns="http://microsoft.com/schemas/VisualStudio/TeamTest/2010">
  <TestSettings name="Local" id="826d4f6d-c0cb-4be1-9ed2-672b0d21f805">
    <Description>These are default test settings for a local test run.</Description>
    <Deployment enabled="false" runDeploymentRoot="Toan_JUBEI-LAPTOP 2012-10-16 03_11_34" />
    <Execution>
      <TestTypeSpecific />
      <AgentRule name="Execution Agents">
      </AgentRule>
    </Execution>
  </TestSettings>
  <Times creation="2012-10-16T03:11:34.2124906+07:00" queuing="2012-10-16T03:11:35.0936091+07:00" start="2012-10-16T03:11:35.6936785+07:00" finish="2012-10-16T03:11:42.0914923+07:00" />
  <ResultSummary outcome="Inconclusive">
    <Counters total="1" executed="1" error="0" failed="0" timeout="0" aborted="0" inconclusive="1" passedButRunAborted="0" notRunnable="0" notExecuted="0" disconnected="0" warning="0" passed="0" completed="0" inProgress="0" pending="0" />
    <RunInfos>
      <RunInfo computerName="JUBEI-LAPTOP" outcome="Warning" timestamp="2012-10-16T03:11:34.5095346+07:00">
        <Text>Deployment is currently disabled. The deployment item 'HutStaff.BO.dll' on test 'TestProject.SoYeuTest.GetUserNameTest' was not deployed.</Text>
      </RunInfo>
    </RunInfos>
  </ResultSummary>
  <TestDefinitions>
    <UnitTest name="GetUserNameTest" storage="c:\users\toàn\appdata\local\temp\4la0f1ew.stv\testproject.dll" id="c6785107-20ee-e774-015d-99a55745bcbd">
      <Execution timeOut="1800000" id="224abe13-4bf3-4069-8653-dd37dafcc795" />
      <DeploymentItems>
        <DeploymentItem filename="HutStaff.BO.dll" />
      </DeploymentItems>
      <TestMethod codeBase="C:/Users/Toàn/AppData/Local/Temp/4la0f1ew.stv/TestProject.DLL" adapterTypeName="Microsoft.VisualStudio.TestTools.TestTypes.Unit.UnitTestAdapter, Microsoft.VisualStudio.QualityTools.Tips.UnitTest.Adapter, Version=10.0.0.0, Culture=neutral, PublicKeyToken=b03f5f7f11d50a3a" className="TestProject.SoYeuTest, TestProject, Version=1.0.0.0, Culture=neutral, PublicKeyToken=null" name="GetUserNameTest" />
    </UnitTest>
  </TestDefinitions>
  <TestLists>
    <TestList name="Results Not in a List" id="8c84fa94-04c1-424b-9868-57a2d4851a1d" />
    <TestList name="All Loaded Results" id="19431567-8539-422a-85d7-44ee4e166bda" />
  </TestLists>
  <TestEntries>
    <TestEntry testId="c6785107-20ee-e774-015d-99a55745bcbd" executionId="224abe13-4bf3-4069-8653-dd37dafcc795" testListId="8c84fa94-04c1-424b-9868-57a2d4851a1d" />
  </TestEntries>
  <Results>
    <UnitTestResult executionId="224abe13-4bf3-4069-8653-dd37dafcc795" testId="c6785107-20ee-e774-015d-99a55745bcbd" testName="GetUserNameTest" computerName="JUBEI-LAPTOP" duration="00:00:00.1690512" startTime="2012-10-16T03:11:40.4022770+07:00" endTime="2012-10-16T03:11:40.6623097+07:00" testType="13cdc9d9-ddb5-4fa4-a97d-d965ccfc6d4b" outcome="Inconclusive" testListId="8c84fa94-04c1-424b-9868-57a2d4851a1d" relativeResultsDirectory="224abe13-4bf3-4069-8653-dd37dafcc795">
      <Output>
        <ErrorInfo>
          <Message>Assert.Inconclusive failed. Verify the correctness of this test method.</Message>
          <StackTrace>   at TestProject.SoYeuTest.GetUserNameTest() in D:\ToanBK\Documents\Visual Studio 2010\Projects\Google Code Projects\bkhn-staff-management\SoureCode\HutStaff\TestProject\SoYeuTest.cs:line 80
</StackTrace>
        </ErrorInfo>
      </Output>
    </UnitTestResult>
  </Results>
</TestRun>